[13:48:05] [Server thread/INFO]: Starting minecraft server version 1.12.2
[13:48:05] [Server thread/INFO]: Loading properties
[13:48:05] [Server thread/INFO]: Default game type: SURVIVAL
[13:48:05] [Server thread/INFO]: This server is running Paper version git-Paper-1620 (MC: 1.12.2) (Implementing API version 1.12.2-R0.1-SNAPSHOT)
[13:48:05] [Server thread/INFO]: Debug logging is disabled
[13:48:05] [Server thread/INFO]: Server Ping Player Sample Count: 12
[13:48:05] [Server thread/INFO]: Using 4 threads for Netty based IO
[13:48:05] [Server thread/INFO]: Generating keypair
[13:48:05] [Server thread/INFO]: Starting Minecraft server on *:25566
[13:48:06] [Server thread/INFO]: Using default channel type
[13:48:06] [Server thread/INFO]: Set PluginClassLoader as parallel capable
[13:48:06] [Server thread/INFO]: [SimpleTpa] Loading SimpleTpa v6.4
[13:48:06] [Server thread/INFO]: [MaceWind] Loading MaceWind v1.0.0
[13:48:06] [Server thread/INFO]: [AdvancedPortals] Loading AdvancedPortals v0.0.41
[13:48:06] [Server thread/INFO]: [InventorySpy] Loading InventorySpy v1.0.0
[13:48:06] [Server thread/INFO]: [WorldEdit] Loading WorldEdit v6.1;no_git_id
[13:48:06] [Server thread/INFO]: [DecentHolograms] Loading DecentHolograms v2.9.8
[13:48:06] [Server thread/INFO]: [EnderBond] Loading EnderBond v1.0.0
[13:48:06] [Server thread/INFO]: [PermissionsEx] Loading PermissionsEx v1.23.4
[13:48:06] [Server thread/WARN]: [PermissionsEx] This server is in offline mode. Unless this server is configured to integrate with a supported proxy (see http://dft.ba/-8ous), UUIDs *may not be stable*!
[13:48:06] [Server thread/INFO]: [ShadowDimensions] Loading ShadowDimensions v1.0.0
[13:48:06] [Server thread/INFO]: [SimpleHomes] Loading SimpleHomes v2.2
[13:48:06] [Server thread/INFO]: [WindTurrets] Loading WindTurrets v1.0.0
[13:48:06] [Server thread/INFO]: [Vault] Loading Vault v1.7.3-b131
[13:48:06] [Server thread/INFO]: [RandomBlockDrops] Loading RandomBlockDrops v1.0.0
[13:48:06] [Server thread/INFO]: [ShadowAnnounce] Loading ShadowAnnounce v1.0.0
[13:48:06] [Server thread/INFO]: [PowerBoard] Loading PowerBoard v3.7.0
[13:48:06] [Server thread/INFO]: [Quests] Loading Quests v5.2.7-b${env.BUILD_NUMBER}
[13:48:06] [Server thread/INFO]: [Essentials] Loading Essentials v2.21.2
[13:48:06] [Server thread/INFO]: [action-api] Loading action-api v4.0.0
[13:48:06] [Server thread/INFO]: [EssentialsSpawn] Loading EssentialsSpawn v2.21.2
[13:48:06] [Server thread/INFO]: [EssentialsProtect] Loading EssentialsProtect v2.21.2
[13:48:06] [Server thread/INFO]: Server permissions file permissions.yml is empty, ignoring it
[13:48:06] [Server thread/INFO]: [Vault] Enabling Vault v1.7.3-b131
[13:48:06] [Server thread/INFO]: [Vault] [Economy] Essentials Economy found: Waiting
[13:48:06] [Server thread/INFO]: [Vault] [Permission] PermissionsEx found: Waiting
[13:48:06] [Server thread/INFO]: [Vault] [Permission] SuperPermissions loaded as backup permission system.
[13:48:06] [Server thread/INFO]: [Vault] [Chat] PermissionsEx found: Waiting
[13:48:06] [Server thread/INFO]: [Vault] Enabled Version 1.7.3-b131
[13:48:06] [Server thread/WARN]: **** SERVER IS RUNNING IN OFFLINE/INSECURE MODE!
[13:48:06] [Server thread/WARN]: The server will make no attempt to authenticate usernames. Beware.
[13:48:06] [Server thread/WARN]: Whilst this makes it possible to use BungeeCord, unless access to your server is properly restricted, it also opens up the ability for hackers to connect with any username they choose.
[13:48:06] [Server thread/WARN]: Please see http://www.spigotmc.org/wiki/firewall-guide/ for further information.
[13:48:06] [Server thread/WARN]: To change this, set "online-mode" to "true" in the server.properties file.
[13:48:06] [Server thread/INFO]: **** Beginning UUID conversion, this may take A LONG time ****
[13:48:06] [Server thread/INFO]: Preparing level "world"
[13:48:06] [Server thread/INFO]: -------- World Settings For [world] --------
[13:48:06] [Server thread/INFO]: Cactus Growth Modifier: 100%
[13:48:06] [Server thread/INFO]: Cane Growth Modifier: 100%
[13:48:06] [Server thread/INFO]: Melon Growth Modifier: 100%
[13:48:06] [Server thread/INFO]: Mushroom Growth Modifier: 100%
[13:48:06] [Server thread/INFO]: Pumpkin Growth Modifier: 100%
[13:48:06] [Server thread/INFO]: Sapling Growth Modifier: 100%
[13:48:06] [Server thread/INFO]: Wheat Growth Modifier: 100%
[13:48:06] [Server thread/INFO]: NetherWart Growth Modifier: 100%
[13:48:06] [Server thread/INFO]: Vine Growth Modifier: 100%
[13:48:06] [Server thread/INFO]: Cocoa Growth Modifier: 100%
[13:48:06] [Server thread/INFO]: Entity Activation Range: An 32 / Mo 32 / Mi 16 / Tiv true
[13:48:06] [Server thread/INFO]: Entity Tracking Range: Pl 48 / An 48 / Mo 48 / Mi 32 / Other 64
[13:48:06] [Server thread/INFO]: Hopper Transfer: 8 Hopper Check: 1 Hopper Amount: 1
[13:48:06] [Server thread/INFO]: Random Lighting Updates: false
[13:48:06] [Server thread/INFO]: Mob Spawn Range: 4
[13:48:06] [Server thread/INFO]: Structure Info Saving: true
[13:48:06] [Server thread/INFO]: Custom Map Seeds:  Village: 10387312 Feature: 14357617 Monument: 10387313 Slime: 987234911
[13:48:06] [Server thread/INFO]: Max TNT Explosions: 100
[13:48:06] [Server thread/INFO]: Tile Max Tick Time: 50ms Entity max Tick Time: 50ms
[13:48:06] [Server thread/INFO]: Item Despawn Rate: 6000
[13:48:06] [Server thread/INFO]: Item Merge Radius: 2.5
[13:48:06] [Server thread/INFO]: View Distance: 4
[13:48:06] [Server thread/INFO]: Arrow Despawn Rate: 1200
[13:48:06] [Server thread/INFO]: Allow Zombie Pigmen to spawn from portal blocks: true
[13:48:06] [Server thread/INFO]: Experience Merge Radius: 3.0
[13:48:06] [Server thread/INFO]: Zombie Aggressive Towards Villager: true
[13:48:06] [Server thread/INFO]: Nerfing mobs spawned from spawners: false
[13:48:07] [Server thread/INFO]: -------- World Settings For [world_nether] --------
[13:48:07] [Server thread/INFO]: Cactus Growth Modifier: 100%
[13:48:07] [Server thread/INFO]: Cane Growth Modifier: 100%
[13:48:07] [Server thread/INFO]: Melon Growth Modifier: 100%
[13:48:07] [Server thread/INFO]: Mushroom Growth Modifier: 100%
[13:48:07] [Server thread/INFO]: Pumpkin Growth Modifier: 100%
[13:48:07] [Server thread/INFO]: Sapling Growth Modifier: 100%
[13:48:07] [Server thread/INFO]: Wheat Growth Modifier: 100%
[13:48:07] [Server thread/INFO]: NetherWart Growth Modifier: 100%
[13:48:07] [Server thread/INFO]: Vine Growth Modifier: 100%
[13:48:07] [Server thread/INFO]: Cocoa Growth Modifier: 100%
[13:48:07] [Server thread/INFO]: Entity Activation Range: An 32 / Mo 32 / Mi 16 / Tiv true
[13:48:07] [Server thread/INFO]: Entity Tracking Range: Pl 48 / An 48 / Mo 48 / Mi 32 / Other 64
[13:48:07] [Server thread/INFO]: Hopper Transfer: 8 Hopper Check: 1 Hopper Amount: 1
[13:48:07] [Server thread/INFO]: Random Lighting Updates: false
[13:48:07] [Server thread/INFO]: Mob Spawn Range: 4
[13:48:07] [Server thread/INFO]: Structure Info Saving: true
[13:48:07] [Server thread/INFO]: Custom Map Seeds:  Village: 10387312 Feature: 14357617 Monument: 10387313 Slime: 987234911
[13:48:07] [Server thread/INFO]: Max TNT Explosions: 100
[13:48:07] [Server thread/INFO]: Tile Max Tick Time: 50ms Entity max Tick Time: 50ms
[13:48:07] [Server thread/INFO]: Item Despawn Rate: 6000
[13:48:07] [Server thread/INFO]: Item Merge Radius: 2.5
[13:48:07] [Server thread/INFO]: View Distance: 4
[13:48:07] [Server thread/INFO]: Arrow Despawn Rate: 1200
[13:48:07] [Server thread/INFO]: Allow Zombie Pigmen to spawn from portal blocks: true
[13:48:07] [Server thread/INFO]: Experience Merge Radius: 3.0
[13:48:07] [Server thread/INFO]: Zombie Aggressive Towards Villager: true
[13:48:07] [Server thread/INFO]: Nerfing mobs spawned from spawners: false
[13:48:07] [Server thread/INFO]: -------- World Settings For [world_the_end] --------
[13:48:07] [Server thread/INFO]: Cactus Growth Modifier: 100%
[13:48:07] [Server thread/INFO]: Cane Growth Modifier: 100%
[13:48:07] [Server thread/INFO]: Melon Growth Modifier: 100%
[13:48:07] [Server thread/INFO]: Mushroom Growth Modifier: 100%
[13:48:07] [Server thread/INFO]: Pumpkin Growth Modifier: 100%
[13:48:07] [Server thread/INFO]: Sapling Growth Modifier: 100%
[13:48:07] [Server thread/INFO]: Wheat Growth Modifier: 100%
[13:48:07] [Server thread/INFO]: NetherWart Growth Modifier: 100%
[13:48:07] [Server thread/INFO]: Vine Growth Modifier: 100%
[13:48:07] [Server thread/INFO]: Cocoa Growth Modifier: 100%
[13:48:07] [Server thread/INFO]: Entity Activation Range: An 32 / Mo 32 / Mi 16 / Tiv true
[13:48:07] [Server thread/INFO]: Entity Tracking Range: Pl 48 / An 48 / Mo 48 / Mi 32 / Other 64
[13:48:07] [Server thread/INFO]: Hopper Transfer: 8 Hopper Check: 1 Hopper Amount: 1
[13:48:07] [Server thread/INFO]: Random Lighting Updates: false
[13:48:07] [Server thread/INFO]: Mob Spawn Range: 4
[13:48:07] [Server thread/INFO]: Structure Info Saving: true
[13:48:07] [Server thread/INFO]: Custom Map Seeds:  Village: 10387312 Feature: 14357617 Monument: 10387313 Slime: 987234911
[13:48:07] [Server thread/INFO]: Max TNT Explosions: 100
[13:48:07] [Server thread/INFO]: Tile Max Tick Time: 50ms Entity max Tick Time: 50ms
[13:48:07] [Server thread/INFO]: Item Despawn Rate: 6000
[13:48:07] [Server thread/INFO]: Item Merge Radius: 2.5
[13:48:07] [Server thread/INFO]: View Distance: 4
[13:48:07] [Server thread/INFO]: Arrow Despawn Rate: 1200
[13:48:07] [Server thread/INFO]: Allow Zombie Pigmen to spawn from portal blocks: true
[13:48:07] [Server thread/INFO]: Experience Merge Radius: 3.0
[13:48:07] [Server thread/INFO]: Zombie Aggressive Towards Villager: true
[13:48:07] [Server thread/INFO]: Nerfing mobs spawned from spawners: false
[13:48:07] [Server thread/INFO]: Preparing start region for level 0 (Seed: 9043210522798455108)
[13:48:08] [Server thread/INFO]: Preparing spawn area: 2%
[13:48:08] [Server thread/INFO]: Preparing start region for level 1 (Seed: -5795644976469074290)
[13:48:09] [Server thread/INFO]: Preparing start region for level 2 (Seed: -5795644976469074290)
[13:48:09] [Server thread/INFO]: [SimpleTpa] Enabling SimpleTpa v6.4
[13:48:09] [Server thread/INFO]: [SimpleTpa] If you need support contact me at https://discord.gg/SZUkza9
[13:48:09] [Server thread/INFO]: [SimpleTpa] Simple Tpa has been enabled on version 6.4
[13:48:09] [Server thread/INFO]: Enabled metrics. You may opt-out by changing plugins/bStats/config.yml
[13:48:09] [Server thread/INFO]: [MaceWind] Enabling MaceWind v1.0.0
[13:48:09] [Server thread/INFO]: [MaceWind] MaceWind enabled.
[13:48:09] [Server thread/INFO]: [AdvancedPortals] Enabling AdvancedPortals v0.0.41
[13:48:09] [Server thread/INFO]: [AdvancedPortals] Bukkit version detected v1_12_R1
[13:48:09] [Server thread/INFO]: [AdvancedPortals] BLOCK_PORTAL_TRAVEL found
[13:48:09] [Server thread/INFO]: [AdvancedPortals] ENTITY_ENDERMEN_TELEPORT found
[13:48:09] [Server thread/INFO]: [AdvancedPortals] ENTITY_GENERIC_EXPLODE found
[13:48:09] [Server thread/INFO]: Advanced portals have been successfully enabled!
[13:48:09] [Server thread/INFO]: [InventorySpy] Enabling InventorySpy v1.0.0
[13:48:09] [Server thread/INFO]: [InventorySpy] InventorySpy enabled.
[13:48:09] [Server thread/INFO]: [WorldEdit] Enabling WorldEdit v6.1;no_git_id
[13:48:09] [Server thread/INFO]: WEPIF: Using the Bukkit Permissions API.
[13:48:09] [Server thread/INFO]: [WorldEdit] Logging WorldEdit commands to /workspaces/EaglerServer-1.12/servers/survival/plugins/WorldEdit/worldedit.log
[13:48:09] [Server thread/WARN]: [WorldEdit] 
**********************************************
** This WorldEdit version does not fully support your version of Bukkit.
**
** When working with blocks or undoing, chests will be empty, signs
** will be blank, and so on. There will be no support for entity
** and biome-related functions.
**
** Please see http://wiki.sk89q.com/wiki/WorldEdit/Bukkit_adapters
**********************************************

[13:48:09] [Server thread/INFO]: [DecentHolograms] Enabling DecentHolograms v2.9.8
[13:48:09] [Server thread/INFO]: [DecentHolograms] Initialized NMS adapter for v1_12_R1 (1.12.2).
[13:48:09] [Server thread/INFO]: [NBTAPI] [NBTAPI] Found Minecraft: v1_12_R1! Trying to find NMS support
[13:48:09] [Server thread/INFO]: [NBTAPI] [NBTAPI] NMS support 'MC1_12_R1' loaded!
[13:48:09] [Server thread/INFO]: [NBTAPI] [NBTAPI] Using the plugin 'DecentHolograms' to create a bStats instance!
[13:48:09] [Server thread/INFO]: [DecentHolograms] NBT-API loaded successfully.
[13:48:09] [Server thread/INFO]: [EnderBond] Enabling EnderBond v1.0.0
[13:48:09] [Server thread/INFO]: -------- World Settings For [ender_refuge] --------
[13:48:09] [Server thread/INFO]: Cactus Growth Modifier: 100%
[13:48:09] [Server thread/INFO]: Cane Growth Modifier: 100%
[13:48:09] [Server thread/INFO]: Melon Growth Modifier: 100%
[13:48:09] [Server thread/INFO]: Mushroom Growth Modifier: 100%
[13:48:09] [Server thread/INFO]: Pumpkin Growth Modifier: 100%
[13:48:09] [Server thread/INFO]: Sapling Growth Modifier: 100%
[13:48:09] [Server thread/INFO]: Wheat Growth Modifier: 100%
[13:48:09] [Server thread/INFO]: NetherWart Growth Modifier: 100%
[13:48:09] [Server thread/INFO]: Vine Growth Modifier: 100%
[13:48:09] [Server thread/INFO]: Cocoa Growth Modifier: 100%
[13:48:09] [Server thread/INFO]: Entity Activation Range: An 32 / Mo 32 / Mi 16 / Tiv true
[13:48:09] [Server thread/INFO]: Entity Tracking Range: Pl 48 / An 48 / Mo 48 / Mi 32 / Other 64
[13:48:09] [Server thread/INFO]: Hopper Transfer: 8 Hopper Check: 1 Hopper Amount: 1
[13:48:09] [Server thread/INFO]: Random Lighting Updates: false
[13:48:09] [Server thread/INFO]: Mob Spawn Range: 4
[13:48:09] [Server thread/INFO]: Structure Info Saving: true
[13:48:09] [Server thread/INFO]: Custom Map Seeds:  Village: 10387312 Feature: 14357617 Monument: 10387313 Slime: 987234911
[13:48:09] [Server thread/INFO]: Max TNT Explosions: 100
[13:48:09] [Server thread/INFO]: Tile Max Tick Time: 50ms Entity max Tick Time: 50ms
[13:48:09] [Server thread/INFO]: Item Despawn Rate: 6000
[13:48:09] [Server thread/INFO]: Item Merge Radius: 2.5
[13:48:09] [Server thread/INFO]: View Distance: 4
[13:48:09] [Server thread/INFO]: Arrow Despawn Rate: 1200
[13:48:09] [Server thread/INFO]: Allow Zombie Pigmen to spawn from portal blocks: true
[13:48:09] [Server thread/INFO]: Experience Merge Radius: 3.0
[13:48:09] [Server thread/INFO]: Zombie Aggressive Towards Villager: true
[13:48:09] [Server thread/INFO]: Nerfing mobs spawned from spawners: false
[13:48:10] [Server thread/INFO]: Preparing start region for level 3 (Seed: 7611528560068313020)
[13:48:10] [Server thread/INFO]: [EnderBond] Created refuge world: ender_refuge
[13:48:10] [Server thread/INFO]: [EnderBond] EnderBond enabled. Loaded companions: 1
[13:48:10] [Server thread/INFO]: [PermissionsEx] Enabling PermissionsEx v1.23.4
[13:48:10] [Server thread/INFO]: [PermissionsEx] Initializing file backend
[13:48:10] [Server thread/INFO]: [PermissionsEx] Permissions file successfully reloaded
[13:48:10] [Server thread/INFO]: WEPIF: PermissionsEx detected! Using PermissionsEx for permissions.
[13:48:10] [Server thread/INFO]: [Vault][Permission] PermissionsEx hooked.
[13:48:10] [Server thread/INFO]: [Vault] [Vault][Chat] PermissionsEx_Chat hooked.
[13:48:10] [Server thread/INFO]: [ShadowDimensions] Enabling ShadowDimensions v1.0.0
[13:48:10] [Server thread/WARN]: [ShadowDimensions] Failed to deserialize portal entry: twilight-1969|world|twilight|970|64|1345|974|68|1345
[13:48:10] [Server thread/WARN]: [ShadowDimensions] Failed to deserialize portal entry: overworld-3660|twilight|overworld|235|67|254|238|70|254
[13:48:10] [Server thread/INFO]: [ShadowDimensions] ShadowDimensions enabled.
[13:48:10] [Server thread/INFO]: [SimpleHomes] Enabling SimpleHomes v2.2
[13:48:10] [Server thread/INFO]: [WindTurrets] Enabling WindTurrets v1.0.0
[13:48:10] [Server thread/INFO]: [WindTurrets] WindTurrets enabled. Loaded 0 turrets.
[13:48:10] [Server thread/INFO]: [RandomBlockDrops] Enabling RandomBlockDrops v1.0.0
[13:48:10] [Server thread/INFO]: [RandomBlockDrops] RandomBlockDrops enabled
[13:48:10] [Server thread/INFO]: [ShadowAnnounce] Enabling ShadowAnnounce v1.0.0
[13:48:10] [Server thread/INFO]: [ShadowAnnounce] ShadowAnnounce enabled.
[13:48:10] [Server thread/INFO]: [PowerBoard] Enabling PowerBoard v3.7.0
[13:48:10] [Server thread/INFO]: [PowerBoard] --------------------------------------------------
[13:48:10] [Server thread/INFO]: [PowerBoard] --------------- Loading PowerBoard ---------------
[13:48:10] [Server thread/INFO]: [PowerBoard]  
[13:48:10] [Server thread/INFO]: [PowerBoard] Loading configs..
[13:48:10] [Server thread/INFO]: [PowerBoard]  
[13:48:10] [Server thread/INFO]: [PowerBoard] (SelfCheck) config.yml -> Loading...
[13:48:10] [Server thread/INFO]: [PowerBoard] (SelfCheck) config.yml -> Finished!
[13:48:10] [Server thread/INFO]: [PowerBoard]  
[13:48:10] [Server thread/INFO]: [PowerBoard] Configs loaded!
[13:48:10] [Server thread/INFO]: [PowerBoard]  
[13:48:10] [Server thread/INFO]: [PowerBoard] Registered scoreboard 'scoreboard'.
[13:48:10] [Server thread/INFO]: [PowerBoard] Registered tablist.
[13:48:10] [Server thread/INFO]: [PowerBoard]  
[13:48:10] [Server thread/INFO]: [PowerBoard] --------------- PowerBoard  loaded ---------------
[13:48:10] [Server thread/INFO]: [PowerBoard] --------------------------------------------------
[13:48:10] [Server thread/INFO]: [Quests] Enabling Quests v5.2.7-b${env.BUILD_NUMBER}
[13:48:11] [Server thread/INFO]: [Quests] Loaded language en-US. Translations via Crowdin
[13:48:11] [Server thread/INFO]: [Quests] Loading storage implementation: YAML
[13:48:11] [Thread-6/WARN]: [PermissionsEx] The updater could not find any files for the project id 31279
[13:48:11] [Server thread/INFO]: [Essentials] Enabling Essentials v2.21.2
[13:48:11] [Server thread/INFO]: [Essentials] Attempting to convert old kits in config.yml to new kits.yml
[13:48:11] [Server thread/INFO]: [Essentials] No kits found to migrate.
[13:48:11] [Server thread/INFO]: [Essentials] No provider found for BiomeKeyProvider, but it is nullable
[13:48:11] [Server thread/INFO]: [Essentials] Selected Legacy Biome Name Provider as the provider for BiomeNameProvider
[13:48:11] [Server thread/INFO]: [Essentials] No provider found for TickCountProvider, but it is nullable
[13:48:11] [Server thread/INFO]: [Essentials] Selected 1.12+ Spawner Block Provider as the provider for SpawnerBlockProvider
[13:48:11] [Server thread/INFO]: [Essentials] Selected 1.9-1.12.2 Spawn Egg Provider as the provider for SpawnEggProvider
[13:48:11] [Server thread/INFO]: [Essentials] No provider found for ContainerProvider, but it is nullable
[13:48:11] [Server thread/INFO]: [Essentials] Selected Legacy Damage Event Provider as the provider for DamageEventProvider
[13:48:11] [Server thread/INFO]: [Essentials] No provider found for SerializationProvider, but it is nullable
[13:48:11] [Server thread/INFO]: [Essentials] Selected 1.12.2+ Player Locale Provider as the provider for PlayerLocaleProvider
[13:48:11] [Server thread/INFO]: [Essentials] Selected Reflection Formatted Command Alias Provider as the provider for FormattedCommandAliasProvider
[13:48:11] [Server thread/INFO]: [Essentials] Selected Reflection Persistent Data Container Provider as the provider for PersistentDataProvider
[13:48:11] [Server thread/INFO]: [Essentials] Selected 1.11+ Item Unbreakable Provider as the provider for ItemUnbreakableProvider
[13:48:11] [Server thread/INFO]: [Essentials] No provider found for MaterialTagProvider, but it is nullable
[13:48:11] [Server thread/INFO]: [Essentials] Selected Paper Known Commands Provider as the provider for KnownCommandsProvider
[13:48:11] [Server thread/INFO]: [Essentials] Selected Reflection Sync Commands Provider as the provider for SyncCommandsProvider
[13:48:11] [Server thread/INFO]: [Essentials] Selected 1.9-1.20.4 Potion Meta Provider as the provider for PotionMetaProvider
[13:48:11] [Server thread/INFO]: [Essentials] Selected Reflection Online Mode Provider as the provider for OnlineModeProvider
[13:48:11] [Server thread/INFO]: [Essentials] Selected Fixed Height World Info Provider as the provider for WorldInfoProvider
[13:48:11] [Server thread/INFO]: [Essentials] Selected Legacy Banner Meta Provider as the provider for BannerDataProvider
[13:48:11] [Server thread/INFO]: [Essentials] Selected Legacy InventoryView Abstract Class ABI Provider as the provider for InventoryViewProvider
[13:48:11] [Server thread/INFO]: [Essentials] No provider found for SignDataProvider, but it is nullable
[13:48:11] [Server thread/INFO]: [Essentials] Selected Reflection Server State Provider as the provider for ServerStateProvider
[13:48:11] [Server thread/INFO]: [Essentials] Selected 1.8.3+ Spawner Item Provider as the provider for SpawnerItemProvider
[13:48:11] [Server thread/INFO]: [Essentials] Loaded 853 items from items.csv.
[13:48:11] [Server thread/INFO]: [Essentials] Using locale en
[13:48:12] [Server thread/INFO]: [Essentials] ServerListPingEvent: Spigot iterator API
[13:48:12] [Server thread/INFO]: [Essentials] Starting Metrics. Opt-out using the global bStats config.
[13:48:12] [Server thread/INFO]: [Vault] [Economy] Essentials Economy hooked.
[13:48:12] [Server thread/INFO]: [Essentials] Using Vault based permissions (PermissionsEx)
[13:48:12] [Server thread/INFO]: [action-api] Enabling action-api v4.0.0
[13:48:12] [Server thread/INFO]: [EssentialsSpawn] Enabling EssentialsSpawn v2.21.2
[13:48:12] [Server thread/INFO]: [EssentialsSpawn] Starting Metrics. Opt-out using the global bStats config.
[13:48:12] [Server thread/INFO]: [EssentialsProtect] Enabling EssentialsProtect v2.21.2
[13:48:12] [Server thread/INFO]: [EssentialsProtect] Continuing to enable Protect.
[13:48:12] [Server thread/INFO]: [EssentialsProtect] Starting Metrics. Opt-out using the global bStats config.
[13:48:12] [Server thread/INFO]: Done (5.962s)! For help, type "help" or "?"
[13:48:12] [Server thread/INFO]: Timings Reset
[13:48:12] [Craft Scheduler Thread - 1/INFO]: [DecentHolograms] Loading holograms... 
[13:48:12] [Craft Scheduler Thread - 8/INFO]: [Essentials] Fetching version information...
[13:48:12] [Server thread/INFO]: [Essentials] Essentials found a compatible payment resolution method: Vault Compatibility Layer (v1.7.3-b131)!
[13:48:12] [Craft Scheduler Thread - 1/INFO]: [DecentHolograms] Loaded 7 holograms!
[13:48:12] [Craft Scheduler Thread - 1/INFO]: [Vault] Checking for Updates ... 
[13:48:12] [Craft Scheduler Thread - 0/INFO]: [PowerBoard] -> You are running the latest version! :)
[13:48:12] [Craft Scheduler Thread - 3/INFO]: [SimpleTpa] There is a new update available.
[13:48:12] [Craft Scheduler Thread - 3/INFO]: [SimpleTpa] There is a new update available:
[13:48:12] [Craft Scheduler Thread - 3/INFO]: [SimpleTpa] https://www.spigotmc.org/resources/simple-tpa.64270/
[13:48:12] [Craft Scheduler Thread - 1/INFO]: [Vault] No new version available
[13:48:12] [Server thread/INFO]: [Quests] Loaded 4 Quest(s), 7 Action(s), 1 Condition(s) and 804 Phrase(s)
[13:48:14] [Server thread/INFO]: [PowerBoard] Registering players...
[13:48:14] [Server thread/INFO]: [PowerBoard] All players have been registered.
[13:48:24] [User Authenticator #1/INFO]: UUID of player Ruger1 is 24ef6066-39a5-3755-9e3b-dc012227f624
[13:48:25] [Server thread/INFO]: Ruger1[/[0:0:0:0:0:0:0:1]:57524] logged in with entity id 102 at ([world]886.649324432856, 63.9375, 1345.2046982227666)
[13:48:39] [User Authenticator #1/INFO]: UUID of player ShadowLord is 69bb081a-9716-3601-96f8-109840fe98fb
[13:48:40] [Server thread/INFO]: ShadowLord[/[0:0:0:0:0:0:0:1]:58858] logged in with entity id 124 at ([world]869.8799716914571, 67.0, 1345.3210470849533)
[13:48:43] [Server thread/INFO]: ShadowLord issued server command: /gamemode 0
[13:53:52] [Server thread/INFO]: ShadowLord was shot by Skeleton
[13:57:47] [Server thread/INFO]: ShadowLord issued server command: /killall monsters
[13:58:08] [Server thread/INFO]: ShadowLord issued server command: /killall monsters
[13:58:23] [Server thread/INFO]: ShadowLord issued server command: /summon minecraft:falling_block
[13:58:23] [Server thread/INFO]: [ShadowLord: Object successfully summoned]
[13:58:34] [Server thread/INFO]: ShadowLord issued server command: /setblock ~ ~ ~ sand
[13:58:34] [Server thread/INFO]: [ShadowLord: Block placed]
[13:58:39] [Server thread/INFO]: ShadowLord issued server command: /killall monsters
[13:58:41] [Server thread/INFO]: ShadowLord issued server command: /ascend
[13:58:41] [Server thread/INFO]: WorldEdit: ShadowLord (in "world"): ascend
[13:58:43] [Server thread/INFO]: ShadowLord issued server command: /ascend 2
[13:58:43] [Server thread/INFO]: WorldEdit: ShadowLord (in "world"): ascend 2
[13:59:30] [Server thread/INFO]: ShadowLord issued server command: /give ShadowLord diamondsword
[14:01:40] [Server thread/INFO]: ShadowLord issued server command: /give ShadowLord enderpeal 1
[14:01:45] [Server thread/INFO]: ShadowLord issued server command: /give ShadowLord enderpearl 1
[14:01:52] [Server thread/INFO]: ShadowLord has made the advancement [A Seedy Place]
[14:02:15] [Server thread/INFO]: ShadowLord issued server command: /setblock ~ ~ ~ sand
[14:02:15] [Server thread/INFO]: [ShadowLord: Block placed]
[14:02:28] [Server thread/INFO]: ShadowLord issued server command: /setblock ~ ~ ~ water
[14:02:28] [Server thread/INFO]: [ShadowLord: Block placed]
[14:03:03] [Server thread/INFO]: ShadowLord issued server command: /randomdrops
[14:07:21] [User Authenticator #2/INFO]: UUID of player Morgan_ is 27956c49-b74f-3f42-9d3b-337bd2da28d1
[14:07:21] [Server thread/INFO]: Disconnecting com.mojang.authlib.GameProfile@7f7e14ed[id=27956c49-b74f-3f42-9d3b-337bd2da28d1,name=Morgan_,properties={isEaglerPlayer=[com.mojang.authlib.properties.Property@53a2c83d, com.mojang.authlib.properties.Property@5d653c39, com.mojang.authlib.properties.Property@1c583602], textures=[com.mojang.authlib.properties.Property@595aa34d]},legacy=false] (/[0:0:0:0:0:0:0:1]:48518): You are not whitelisted on this server!
[14:07:21] [Server thread/INFO]: com.mojang.authlib.GameProfile@7f7e14ed[id=27956c49-b74f-3f42-9d3b-337bd2da28d1,name=Morgan_,properties={isEaglerPlayer=[com.mojang.authlib.properties.Property@53a2c83d, com.mojang.authlib.properties.Property@5d653c39, com.mojang.authlib.properties.Property@1c583602], textures=[com.mojang.authlib.properties.Property@595aa34d]},legacy=false] (/[0:0:0:0:0:0:0:1]:48518) lost connection: You are not whitelisted on this server!
[14:07:32] [Server thread/INFO]: ShadowLord issued server command: /setblock ~ ~ ~ endstone
[14:07:32] [Server thread/INFO]: [ShadowLord: There is no such block with name minecraft:endstone]
[14:07:40] [User Authenticator #2/INFO]: UUID of player Morgan is 3fa6a32a-139d-37a7-8559-0156a8f9dea6
[14:07:41] [Server thread/INFO]: Morgan[/[0:0:0:0:0:0:0:1]:49812] logged in with entity id 3774 at ([world]864.4417716198607, 62.0, 1300.300000011921)
[14:07:41] [Craft Scheduler Thread - 21/WARN]: [PowerBoard] The player Morgan has no Rank! Make sure that he has the correct permissions.
[14:07:41] [Server thread/INFO]: ShadowLord issued server command: /setblock ~ ~ ~ minecraft:end_stone
[14:07:41] [Server thread/INFO]: [ShadowLord: Block placed]
[14:10:19] [Server thread/INFO]: ShadowLord lost connection: Disconnected
[14:10:19] [Server thread/INFO]: ShadowLord left the game
[14:10:58] [Server thread/INFO]: Ruger1 lost connection: Disconnected
[14:10:58] [Server thread/INFO]: Ruger1 left the game
[14:13:27] [Server thread/INFO]: Morgan lost connection: Disconnected
[14:13:27] [Server thread/INFO]: Morgan left the game
