[13:47:31] [main/INFO] [com.velocitypowered.proxy.VelocityServer]: Booting up Velocity 3.4.0-SNAPSHOT (git-965db127-b454)...
[13:47:31] [main/INFO] [com.velocitypowered.proxy.VelocityServer]: Loading localizations...
[13:47:32] [main/INFO] [com.velocitypowered.proxy.network.ConnectionManager]: Connections will use epoll channels, libdeflate (Linux x86_64) compression, OpenSSL 3.x.x (Linux x86_64) ciphers
[13:47:32] [main/WARN] [com.velocitypowered.proxy.config.VelocityConfiguration]: The proxy is running in offline mode! This is a security risk and you will NOT receive any support!
[13:47:33] [main/INFO] [com.velocitypowered.proxy.config.VelocityConfiguration]: Unable to load your server-icon.png, continuing without it.
java.lang.IllegalArgumentException: Image is not 64x64 (found 475x896)
	at com.google.common.base.Preconditions.checkArgument(Preconditions.java:299) ~[bungee.jar:3.4.0-SNAPSHOT (git-965db127-b454)]
	at com.velocitypowered.api.util.Favicon.create(Favicon.java:82) ~[bungee.jar:3.4.0-SNAPSHOT (git-965db127-b454)]
	at com.velocitypowered.api.util.Favicon.create(Favicon.java:107) ~[bungee.jar:3.4.0-SNAPSHOT (git-965db127-b454)]
	at com.velocitypowered.proxy.config.VelocityConfiguration.loadFavicon(VelocityConfiguration.java:242) ~[bungee.jar:3.4.0-SNAPSHOT (git-965db127-b454)]
	at com.velocitypowered.proxy.config.VelocityConfiguration.validate(VelocityConfiguration.java:233) ~[bungee.jar:3.4.0-SNAPSHOT (git-965db127-b454)]
	at com.velocitypowered.proxy.VelocityServer.doStartupConfigLoad(VelocityServer.java:388) ~[bungee.jar:3.4.0-SNAPSHOT (git-965db127-b454)]
	at com.velocitypowered.proxy.VelocityServer.start(VelocityServer.java:276) ~[bungee.jar:3.4.0-SNAPSHOT (git-965db127-b454)]
	at com.velocitypowered.proxy.Velocity.main(Velocity.java:71) ~[bungee.jar:3.4.0-SNAPSHOT (git-965db127-b454)]
[13:47:33] [main/INFO] [com.velocitypowered.proxy.VelocityServer]: Loading plugins...
[13:47:33] [main/ERROR] [com.velocitypowered.proxy.plugin.VelocityPluginManager]: Unable to load plugin plugins/QuickVoid-1.0.jar
com.velocitypowered.api.plugin.InvalidPluginException: The plugin file QuickVoid-1.0.jar appears to be a Bukkit or BungeeCord plugin. Velocity does not support Bukkit or BungeeCord plugins.
	at com.velocitypowered.proxy.plugin.loader.java.JavaPluginLoader.getSerializedPluginInfo(JavaPluginLoader.java:161) ~[bungee.jar:3.4.0-SNAPSHOT (git-965db127-b454)]
	at com.velocitypowered.proxy.plugin.loader.java.JavaPluginLoader.loadCandidate(JavaPluginLoader.java:62) ~[bungee.jar:3.4.0-SNAPSHOT (git-965db127-b454)]
	at com.velocitypowered.proxy.plugin.VelocityPluginManager.loadPlugins(VelocityPluginManager.java:101) ~[bungee.jar:3.4.0-SNAPSHOT (git-965db127-b454)]
	at com.velocitypowered.proxy.VelocityServer.loadPlugins(VelocityServer.java:418) ~[bungee.jar:3.4.0-SNAPSHOT (git-965db127-b454)]
	at com.velocitypowered.proxy.VelocityServer.start(VelocityServer.java:289) ~[bungee.jar:3.4.0-SNAPSHOT (git-965db127-b454)]
	at com.velocitypowered.proxy.Velocity.main(Velocity.java:71) ~[bungee.jar:3.4.0-SNAPSHOT (git-965db127-b454)]
[13:47:33] [main/ERROR] [com.velocitypowered.proxy.plugin.VelocityPluginManager]: Unable to load plugin plugins/LuckPerms-Velocity.jar
com.velocitypowered.api.plugin.InvalidPluginException: Did not find a valid velocity-plugin.json.
	at com.velocitypowered.proxy.plugin.loader.java.JavaPluginLoader.loadCandidate(JavaPluginLoader.java:65) ~[bungee.jar:3.4.0-SNAPSHOT (git-965db127-b454)]
	at com.velocitypowered.proxy.plugin.VelocityPluginManager.loadPlugins(VelocityPluginManager.java:101) ~[bungee.jar:3.4.0-SNAPSHOT (git-965db127-b454)]
	at com.velocitypowered.proxy.VelocityServer.loadPlugins(VelocityServer.java:418) ~[bungee.jar:3.4.0-SNAPSHOT (git-965db127-b454)]
	at com.velocitypowered.proxy.VelocityServer.start(VelocityServer.java:289) ~[bungee.jar:3.4.0-SNAPSHOT (git-965db127-b454)]
	at com.velocitypowered.proxy.Velocity.main(Velocity.java:71) ~[bungee.jar:3.4.0-SNAPSHOT (git-965db127-b454)]
[13:47:33] [main/ERROR] [com.velocitypowered.proxy.plugin.VelocityPluginManager]: Unable to load plugin plugins/luckperms-velocity.jar
com.velocitypowered.api.plugin.InvalidPluginException: Did not find a valid velocity-plugin.json.
	at com.velocitypowered.proxy.plugin.loader.java.JavaPluginLoader.loadCandidate(JavaPluginLoader.java:65) ~[bungee.jar:3.4.0-SNAPSHOT (git-965db127-b454)]
	at com.velocitypowered.proxy.plugin.VelocityPluginManager.loadPlugins(VelocityPluginManager.java:101) ~[bungee.jar:3.4.0-SNAPSHOT (git-965db127-b454)]
	at com.velocitypowered.proxy.VelocityServer.loadPlugins(VelocityServer.java:418) ~[bungee.jar:3.4.0-SNAPSHOT (git-965db127-b454)]
	at com.velocitypowered.proxy.VelocityServer.start(VelocityServer.java:289) ~[bungee.jar:3.4.0-SNAPSHOT (git-965db127-b454)]
	at com.velocitypowered.proxy.Velocity.main(Velocity.java:71) ~[bungee.jar:3.4.0-SNAPSHOT (git-965db127-b454)]
[13:47:34] [main/ERROR] [com.velocitypowered.proxy.console.VelocityConsole]: :>:>:>:>:>:>:>:>:>:>:>:>:>:>:>:>:>:>:>:>:>:>:>
[13:47:34] [main/ERROR] [com.velocitypowered.proxy.console.VelocityConsole]: :>  
[13:47:34] [main/ERROR] [com.velocitypowered.proxy.console.VelocityConsole]: :>      EAGLERCRAFTXVELOCITY WARNING:
[13:47:34] [main/ERROR] [com.velocitypowered.proxy.console.VelocityConsole]: :>  
[13:47:34] [main/ERROR] [com.velocitypowered.proxy.console.VelocityConsole]: :>  This plugin wasn't tested to be 'working'
[13:47:34] [main/ERROR] [com.velocitypowered.proxy.console.VelocityConsole]: :>  with ANY version of Velocity (and forks)
[13:47:34] [main/ERROR] [com.velocitypowered.proxy.console.VelocityConsole]: :>  apart from the versions listed below:
[13:47:34] [main/ERROR] [com.velocitypowered.proxy.console.VelocityConsole]: :>  
[13:47:34] [main/ERROR] [com.velocitypowered.proxy.console.VelocityConsole]: :>  - Velocity: 3.4.0-SNAPSHOT:a33f2d1a:b452
[13:47:34] [main/ERROR] [com.velocitypowered.proxy.console.VelocityConsole]: :>  
[13:47:34] [main/ERROR] [com.velocitypowered.proxy.console.VelocityConsole]: :>  This is not a Bukkit/Spigot plugin!
[13:47:34] [main/ERROR] [com.velocitypowered.proxy.console.VelocityConsole]: :>  
[13:47:34] [main/ERROR] [com.velocitypowered.proxy.console.VelocityConsole]: :>  Use "-Deaglerxvelocity.stfu=true" to hide
[13:47:34] [main/ERROR] [com.velocitypowered.proxy.console.VelocityConsole]: :>  
[13:47:34] [main/ERROR] [com.velocitypowered.proxy.console.VelocityConsole]: :>:>:>:>:>:>:>:>:>:>:>:>:>:>:>:>:>:>:>:>:>:>:>
[13:47:34] [main/INFO] [com.velocitypowered.proxy.plugin.VelocityPluginManager]: Loaded plugin eaglerxvelocity 1.1.5 by lax1dude, ayunami2000
[13:47:34] [main/INFO] [com.velocitypowered.proxy.plugin.VelocityPluginManager]: Loaded plugin luckperms 5.5.17 by Luck
[13:47:34] [main/INFO] [com.velocitypowered.proxy.plugin.VelocityPluginManager]: Loaded plugin viaversion 5.4.2 by _MylesC, creeper123123321, Gerrygames, kennytv, Matsv, EnZaXD, RK_01
[13:47:34] [main/INFO] [com.velocitypowered.proxy.plugin.VelocityPluginManager]: Loaded plugin viabackwards 5.4.2 by Matsv, kennytv, Gerrygames, creeper123123321, ForceUpdate1, EnZaXD
[13:47:34] [main/INFO] [com.velocitypowered.proxy.plugin.VelocityPluginManager]: Loaded plugin viarewind 4.0.11 by FlorianMichael/EnZaXD, Gerrygames, creeper123123321
[13:47:34] [main/INFO] [com.velocitypowered.proxy.VelocityServer]: Loaded 6 plugins
[13:47:35] [LuckPerms - Task Executor #0/INFO] [luckperms]: Loading configuration...
[13:47:36] [LuckPerms - Task Executor #0/INFO] [com.velocitypowered.proxy.console.VelocityConsole]:         __    
[13:47:36] [LuckPerms - Task Executor #0/INFO] [com.velocitypowered.proxy.console.VelocityConsole]:   |    |__)   LuckPerms v5.5.17
[13:47:36] [LuckPerms - Task Executor #0/INFO] [com.velocitypowered.proxy.console.VelocityConsole]:   |___ |      Running on Velocity - Velocity
[13:47:36] [LuckPerms - Task Executor #0/INFO] [com.velocitypowered.proxy.console.VelocityConsole]: 
[13:47:37] [LuckPerms - Task Executor #0/INFO] [luckperms]: Loading storage provider... [H2]
[13:47:38] [LuckPerms - Task Executor #0/INFO] [luckperms]: Loading internal permission managers...
[13:47:38] [LuckPerms - Task Executor #0/INFO] [luckperms]: Performing initial data load...
[13:47:38] [LuckPerms - Task Executor #0/INFO] [luckperms]: Successfully enabled. (took 3751ms)
[13:47:38] [LuckPerms - Task Executor #0/WARN] [eaglerxvelocity]: This plugin is still in development, certain features may not be functional!
[13:47:38] [LuckPerms - Task Executor #0/WARN] [eaglerxvelocity]: Not recommended for public servers yet, please check for updates
[13:47:38] [LuckPerms - Task Executor #0/INFO] [eaglerxvelocity]: Loading vanilla profile: lax1dude
[13:47:39] [Netty epoll Worker #1/INFO] [eaglerxvelocity]: Loaded vanilla profile: lax1dude
[13:47:39] [LuckPerms - Task Executor #0/ERROR] [eaglerxvelocity]: Online mode is set to false! Authentication system has been disabled
[13:47:39] [Netty epoll Boss #0/INFO] [eaglerxvelocity]: Eaglercraft is listening on: /0.0.0.0:8081
[13:47:40] [LuckPerms - Task Executor #0/INFO] [eaglerxvelocity]: Connected to database: jdbc:sqlite:eaglercraft_skins_cache.db
[13:47:40] [LuckPerms - Task Executor #0/WARN] [eaglerxvelocity]: Voice chat enabled, not recommended for public servers!
[13:47:41] [Via-Mappingloader-0/INFO] [viaversion]: Loading block connection mappings ...
[13:47:41] [LuckPerms - Task Executor #0/INFO] [viaversion]: Replacing channel initializers; you can safely ignore the following two warnings.
[13:47:41] [LuckPerms - Task Executor #0/WARN] [com.velocitypowered.proxy.network.ConnectionManager]: The server channel initializer has been replaced by java.base/jdk.internal.reflect.NativeMethodAccessorImpl.invoke0(Native Method)
[13:47:41] [LuckPerms - Task Executor #0/WARN] [com.velocitypowered.proxy.network.ConnectionManager]: The backend channel initializer has been replaced by java.base/jdk.internal.reflect.NativeMethodAccessorImpl.invoke0(Native Method)
[13:47:41] [LuckPerms - Task Executor #0/INFO] [viabackwards]: Loading translations...
[13:47:41] [LuckPerms - Task Executor #0/INFO] [viabackwards]: Registering protocols...
[13:47:42] [LuckPerms - Task Executor #0/INFO] [viarewind]: Registering protocols...
[13:47:43] [LuckPerms - Task Executor #0/INFO] [viaversion]: ViaVersion detected lowest supported version by the proxy: 1.7.2-1.7.5 (4)
[13:47:43] [LuckPerms - Task Executor #0/INFO] [viaversion]: Highest supported version by the proxy: 1.21.4 (769)
[13:47:43] [LuckPerms - Task Executor #0/WARN] [viaversion]: Please update your Java runtime to at least Java 21 (your version is 17.0.16).
[13:47:43] [LuckPerms - Task Executor #0/WARN] [viaversion]: At some point in the future, ViaVersion will no longer be compatible with this version of Java.
[13:47:43] [ViaVersion - Task Executor #2/INFO] [viaversion]: Finished mapping loading, shutting down loader executor.
[13:47:43] [Netty epoll Boss #1/INFO] [com.velocitypowered.proxy.network.ConnectionManager]: Listening on /[0:0:0:0:0:0:0:0]:25577
[13:47:43] [main/INFO] [com.velocitypowered.proxy.Velocity]: Done (12.88s)!
[13:47:43] [ViaVersion - Task Executor #0/WARN] [viaversion]: There is a newer plugin version available: 5.5.1, you're on: 5.4.2
[13:48:18] [Netty epoll Worker #2/INFO] [eaglerxvelocity]: [/[0:0:0:0:0:0:0:1]:43558]: Connected via websocket
[13:48:18] [Netty epoll Worker #2/INFO] [eaglerxvelocity]: [/[0:0:0:0:0:0:0:1]:43558]: Origin header is null
[13:48:18] [Netty epoll Worker #2/INFO] [eaglerxvelocity]: [connected player] Ruger1 (/[0:0:0:0:0:0:0:1]:43558) has connected
[13:48:18] [Netty epoll Worker #2/INFO] [com.velocitypowered.proxy.connection.MinecraftConnection]: [server connection] Ruger1 -> lobby has connected
[13:48:24] [Netty epoll Worker #2/INFO] [com.velocitypowered.proxy.connection.MinecraftConnection]: [server connection] Ruger1 -> survival has connected
[13:48:24] [Netty epoll Worker #2/INFO] [com.velocitypowered.proxy.connection.MinecraftConnection]: [server connection] Ruger1 -> lobby has disconnected
[13:48:36] [Netty epoll Worker #0/INFO] [eaglerxvelocity]: [/[0:0:0:0:0:0:0:1]:55498]: Connected via websocket
[13:48:36] [Netty epoll Worker #0/INFO] [eaglerxvelocity]: [/[0:0:0:0:0:0:0:1]:55498]: Origin header is null
[13:48:37] [Netty epoll Worker #0/INFO] [eaglerxvelocity]: [connected player] ShadowLord (/[0:0:0:0:0:0:0:1]:55498) has connected
[13:48:37] [Netty epoll Worker #0/INFO] [com.velocitypowered.proxy.connection.MinecraftConnection]: [server connection] ShadowLord -> lobby has connected
[13:48:39] [Netty epoll Worker #0/INFO] [com.velocitypowered.proxy.connection.MinecraftConnection]: [server connection] ShadowLord -> survival has connected
[13:48:40] [Netty epoll Worker #0/INFO] [com.velocitypowered.proxy.connection.MinecraftConnection]: [server connection] ShadowLord -> lobby has disconnected
[14:07:15] [Netty epoll Worker #1/INFO] [eaglerxvelocity]: [/[0:0:0:0:0:0:0:1]:59198]: Connected via websocket
[14:07:15] [Netty epoll Worker #1/INFO] [eaglerxvelocity]: [/[0:0:0:0:0:0:0:1]:59198]: Origin header is null
[14:07:15] [Netty epoll Worker #1/INFO] [eaglerxvelocity]: [connected player] Morgan_ (/[0:0:0:0:0:0:0:1]:59198) has connected
[14:07:15] [Netty epoll Worker #1/INFO] [com.velocitypowered.proxy.connection.MinecraftConnection]: [server connection] Morgan_ -> lobby has connected
[14:07:21] [Netty epoll Worker #1/INFO] [com.velocitypowered.proxy.connection.MinecraftConnection]: [server connection] Morgan_ -> survival has connected
[14:07:21] [Netty epoll Worker #1/INFO] [com.velocitypowered.proxy.connection.MinecraftConnection]: [server connection] Morgan_ -> survival has disconnected
[14:07:21] [Netty epoll Worker #1/ERROR] [com.velocitypowered.proxy.connection.client.ConnectedPlayer]: [connected player] Morgan_ (/[0:0:0:0:0:0:0:1]:59198): disconnected while connecting to survival: You are not whitelisted on this server!
[14:07:24] [Netty epoll Worker #1/INFO] [com.velocitypowered.proxy.connection.MinecraftConnection]: [connected player] Morgan_ (/[0:0:0:0:0:0:0:1]:59198) has disconnected
[14:07:24] [Netty epoll Worker #1/INFO] [com.velocitypowered.proxy.connection.MinecraftConnection]: [server connection] Morgan_ -> lobby has disconnected
[14:07:36] [Netty epoll Worker #0/INFO] [eaglerxvelocity]: [/[0:0:0:0:0:0:0:1]:59630]: Connected via websocket
[14:07:36] [Netty epoll Worker #0/INFO] [eaglerxvelocity]: [/[0:0:0:0:0:0:0:1]:59630]: Origin header is null
[14:07:36] [Netty epoll Worker #0/INFO] [eaglerxvelocity]: [connected player] Morgan (/[0:0:0:0:0:0:0:1]:59630) has connected
[14:07:36] [Netty epoll Worker #0/INFO] [com.velocitypowered.proxy.connection.MinecraftConnection]: [server connection] Morgan -> lobby has connected
[14:07:40] [Netty epoll Worker #0/INFO] [com.velocitypowered.proxy.connection.MinecraftConnection]: [server connection] Morgan -> survival has connected
[14:07:41] [Netty epoll Worker #0/INFO] [com.velocitypowered.proxy.connection.MinecraftConnection]: [server connection] Morgan -> lobby has disconnected
[14:10:19] [Netty epoll Worker #0/INFO] [com.velocitypowered.proxy.connection.MinecraftConnection]: [connected player] ShadowLord (/[0:0:0:0:0:0:0:1]:55498) has disconnected
[14:10:19] [Netty epoll Worker #0/INFO] [com.velocitypowered.proxy.connection.MinecraftConnection]: [server connection] ShadowLord -> survival has disconnected
[14:10:58] [Netty epoll Worker #2/INFO] [com.velocitypowered.proxy.connection.MinecraftConnection]: [connected player] Ruger1 (/[0:0:0:0:0:0:0:1]:43558) has disconnected
[14:10:58] [Netty epoll Worker #2/INFO] [com.velocitypowered.proxy.connection.MinecraftConnection]: [server connection] Ruger1 -> survival has disconnected
[14:13:27] [Netty epoll Worker #0/INFO] [com.velocitypowered.proxy.connection.MinecraftConnection]: [connected player] Morgan (/[0:0:0:0:0:0:0:1]:59630) has disconnected
[14:13:27] [Netty epoll Worker #0/INFO] [com.velocitypowered.proxy.connection.MinecraftConnection]: [server connection] Morgan -> survival has disconnected
